<?xml version="1.0" encoding="UTF-8"?>
<testsuites name="jest tests" tests="2" failures="1" errors="0" time="1.492">
  <testsuite name="app.test.js" errors="0" failures="1" skipped="0" timestamp="2020-10-30T12:32:52" time="0.812" tests="1">
    <testcase classname=" Get blog data should not be undefined" name=" Get blog data should not be undefined" time="0.002">
      <failure>ReferenceError: getBlogs is not defined
    at Object.&lt;anonymous&gt; (/Users/michael/dev/workshops/ecs_project_1/app.test.js:4:16)
    at Object.asyncJestTest (/Users/michael/dev/workshops/ecs_project_1/node_modules/jest-jasmine2/build/jasmineAsyncInstall.js:106:37)
    at /Users/michael/dev/workshops/ecs_project_1/node_modules/jest-jasmine2/build/queueRunner.js:45:12
    at new Promise (&lt;anonymous&gt;)
    at mapper (/Users/michael/dev/workshops/ecs_project_1/node_modules/jest-jasmine2/build/queueRunner.js:28:19)
    at /Users/michael/dev/workshops/ecs_project_1/node_modules/jest-jasmine2/build/queueRunner.js:75:41</failure>
    </testcase>
  </testsuite>
  <testsuite name="sum.test.js" errors="0" failures="0" skipped="0" timestamp="2020-10-30T12:32:52" time="0.106" tests="1">
    <testcase classname=" adds 1 + 2 to equal 3" name=" adds 1 + 2 to equal 3" time="0.002">
    </testcase>
  </testsuite>
</testsuites>